[Thu Jul 17 12:04:35 PM AEST 2025] Completed B vs N.
[Thu Jul 17 12:16:37 PM AEST 2025] Completed L vs N.
[Thu Jul 17 12:28:26 PM AEST 2025] Completed H vs N.
[Thu Jul 17 12:39:44 PM AEST 2025] Completed C vs N.
[Thu Jul 17 12:54:26 PM AEST 2025] Completed L vs B.
[Thu Jul 17 01:09:14 PM AEST 2025] Completed H vs B.
[Thu Jul 17 01:22:32 PM AEST 2025] Completed C vs B.
[Thu Jul 17 01:33:44 PM AEST 2025] Completed H vs L.
[Thu Jul 17 01:44:45 PM AEST 2025] Completed C vs L.
[Thu Jul 17 01:55:51 PM AEST 2025] Completed C vs H.
[Thu Jul 17 02:10:25 PM AEST 2025] Completed HC vs N.
[Thu Jul 17 02:31:16 PM AEST 2025] Completed HC vs B.
[Thu Jul 17 02:44:01 PM AEST 2025] Completed HC vs L.
[Thu Jul 17 02:54:46 PM AEST 2025] Completed high-risk vs. low-risk N. Samples were
[Thu Jul 17 02:54:46 PM AEST 2025] XN02 XN03 XN04 XN09 XN10 vs YN01 YN05 YN06 YN07 YN08
[Thu Jul 17 03:06:40 PM AEST 2025] Completed high-risk vs. low-risk B. Samples were
[Thu Jul 17 03:06:40 PM AEST 2025] XB20 XB23 XB02 XB25 XB26 XB11 XB16 XB17 XB31 XB32 vs YB18 YB21 YB22 YB03 YB04 YB06 YB24 YB08 YB09 YB27 YB12 YB28 YB13 YB14 YB15 YB30 YB33
[Thu Jul 17 03:18:56 PM AEST 2025] Completed high-risk vs. low-risk L. Samples were
[Thu Jul 17 03:18:56 PM AEST 2025] XL17 XL02 XL05 XL07 XL08 XL09 XL10 XL11 XL20 XL21 XL12 XL13 XL22 vs YL14 YL15 YL03 YL06 YL18 YL19
[Thu Jul 17 03:30:46 PM AEST 2025] Completed high-risk vs. low-risk H. Samples were
[Thu Jul 17 03:30:46 PM AEST 2025] XH01 XH02 XH11 XH04 XH13 XH14 XH15 XH09 XH10 vs YH12 YH03 YH05 YH06 YH08 YH16
[Thu Jul 17 03:44:23 PM AEST 2025] Completed high-risk vs. low-risk BL. Samples were
[Thu Jul 17 03:44:23 PM AEST 2025] XB20 XB23 XB02 XL17 XL02 XB25 XB26 XL05 XB11 XL07 XB16 XL08 XB17 XL09 XL10 XL11 XL20 XB31 XL21 XL12 XB32 XL13 XL22 vs YB18 YB21 YB22 YL14 YL15 YB03 YB04 YB06 YL03 YB24 YB08 YB09 YL06 YB27 YB12 YB28 YL18 YB13 YB14 YB15 YL19 YB30 YB33
[Thu Jul 17 03:59:04 PM AEST 2025] Completed high-risk vs. low-risk BLH. Samples were
[Thu Jul 17 03:59:04 PM AEST 2025] XB20 XB23 XB02 XL17 XH01 XL02 XB25 XB26 XH02 XL05 XB11 XL07 XH11 XB16 XL08 XB17 XL09 XL10 XH04 XL11 XL20 XB31 XL21 XL12 XB32 XL13 XH13 XH14 XL22 XH15 XH09 XH10 vs YB18 YB21 YB22 YL14 YL15 YB03 YB04 YB06 YL03 YB24 YB08 YB09 YL06 YB27 YB12 YB28 YL18 YB13 YB14 YB15 YL19 YB30 YH12 YH03 YH05 YH06 YB33 YH08 YH16
[Thu Jul 17 04:09:26 PM AEST 2025] high-risk B, worst diagnosis HC vs. high-risk B, worst diagnosis L. Samples were
[Thu Jul 17 04:09:26 PM AEST 2025] XB26 XB16 XB17 XB31 XB32 vs YB20 YB23 YB02 YB25 YB11
[Thu Jul 17 04:20:10 PM AEST 2025] Completed high-risk L, worst diagnosis C vs. high-risk L, worst diagnosis H. Samples were
[Thu Jul 17 04:20:10 PM AEST 2025] XL17 XL02 XL05 XL07 XL08 XL10 XL11 XL21 vs YL09 YL20 YL12 YL13 YL22
[Thu Jul 17 04:31:39 PM AEST 2025] Completed high-risk BL, worst diagnosis C vs. high-risk BL, worst diagnosis LH. Samples were
[Thu Jul 17 04:31:39 PM AEST 2025] XL17 XL02 XB26 XL05 XL07 XB16 XL08 XB17 XL10 XL11 XB31 XL21 vs YB20 YB23 YB02 YB25 YB11 YL09 YL20 YL12 YB32 YL13 YL22
[Thu Jul 17 04:45:36 PM AEST 2025] Completed high-risk BL, worst diagnosis HC vs. high-risk BL, worst diagnosis L + low-risk BL (group 3). Samples were
[Thu Jul 17 04:45:36 PM AEST 2025] XL17 XL02 XB26 XL05 XL07 XB16 XL08 XB17 XL09 XL10 XL11 XL20 XB31 XL21 XL12 XB32 XL13 XL22 vs YB18 YB20 YB21 YB22 YB23 YL14 YL15 YB02 YB03 YB04 YB06 YL03 YB24 YB25 YB08 YB09 YL06 YB11 YB27 YB12 YB28 YL18 YB13 YB14 YB15 YL19 YB30 YB33
[Thu Jul 17 05:02:19 PM AEST 2025] Completed high-risk BLH, worst diagnosis HC vs. high-risk B, worst diagnosis L + low-risk BLH (group 2). Samples were
[Thu Jul 17 05:02:19 PM AEST 2025] XL17 XH01 XL02 XB26 XH02 XL05 XL07 XH11 XB16 XL08 XB17 XL09 XL10 XH04 XL11 XL20 XYB31 XL21 XL12 XB32 XL13 XH13 XH14 XL22 XH15 XH09 XH10 vs YB18 YB20 YB21 YB22 YB23 YL14 YL15 YB02 YB03 YB04 YB06 YL03 YB24 YB08 YB09 YL06 YB11 YB27 YB12 YB28 YL18 YB13 YB14 YB15 YL19 YB30 YH12 YH03 YH05 YH06 YB31 YB33 YH08 YH16
[Thu Jul 17 05:16:41 PM AEST 2025] Completed high-risk BLH, worst diagnosis C vs. high-risk BL, worst diagnosis LH + low-risk BLH (group 4). Samples were
[Thu Jul 17 05:16:41 PM AEST 2025] XL17 XH01 XL02 XB26 XH02 XL05 XL07 XH11 XB16 XL08 XB17 XL10 XH04 XL11 XB31 XL21 XH13 XH14 XH15 XH09 XH10 vs YB18 YB20 YB21 YB22 YB23 YL14 YL15 YB02 YB03 YB04 YB06 YL03 YB24 YB25 YB08 YB09 YL06 YB11 YB27 YB12 YB28 YL18 YB13 YB14 YB15 YL19 YB30 YH12 YL09 YH03 YH05 YL20 YH06 YL12 YB32 YL13 YB33 YH08 YL22 YH16
